// Jest Snapshot v1, https://goo.gl/fbAQLP

exports[`HomeView component should render correctly 1`] = `
<styled.div>
  <SearchBar
    onSearch={[Function]}
  />
  <Connect(Component)
    gifs={Array []}
  />
</styled.div>
`;
